// Vitest Snapshot v1

exports[`Counter.vue > should render 1`] = `"<div><span class=\\"mr-4\\">10</span><button class=\\"btn btn-primary btn-sm btn-inc mx-2 px-8\\"> + </button><button class=\\"btn btn-primary btn-sm btn-dec mx-2 px-8\\"> - </button></div>"`;
